// Jest Snapshot v1, https://goo.gl/fbAQLP

exports[`Signup component should render Signup component 1`] = `
"<Fragment>
  <Header center={true} secondary={true}>
    Sign Up
  </Header>
  <Wrapper>
    <Form onSubmit={[Function: handleSubmit]} alignEnd={true}>
      <Label secondary={true}>
        User Name
        <InputField required={true} type=\\"email\\" name=\\"displayName\\" value=\\"\\" onChange={[Function: handleChange]} />
      </Label>
      <Label secondary={true}>
        Email
        <InputField required={true} type=\\"text\\" name=\\"email\\" value=\\"\\" onChange={[Function: handleChange]} />
      </Label>
      <Label secondary={true}>
        Password
        <InputField required={true} type=\\"password\\" name=\\"password\\" value=\\"\\" onChange={[Function: handleChange]} />
      </Label>
      <Label secondary={true}>
        Confirm Password
        <InputField required={true} type=\\"password\\" name=\\"confirmPassword\\" value=\\"\\" onChange={[Function: handleChange]} />
      </Label>
      <Button submit={true} primary={true}>
        Sign Up
      </Button>
    </Form>
  </Wrapper>
</Fragment>"
`;
