// Jest Snapshot v1, https://goo.gl/fbAQLP

exports[`Signup component should render Signup component 1`] = `
"<Fragment>
  <h2>
    Sign Up
  </h2>
  <form onSubmit={[Function: handleSubmit]}>
    <Label>
      User Name
      <InputField required={true} type=\\"email\\" name=\\"displayName\\" value=\\"\\" onChange={[Function: handleChange]} />
    </Label>
    <Label>
      Email
      <InputField required={true} type=\\"text\\" name=\\"email\\" value=\\"\\" onChange={[Function: handleChange]} />
    </Label>
    <Label>
      Password
      <InputField required={true} type=\\"password\\" name=\\"password\\" value=\\"\\" onChange={[Function: handleChange]} />
    </Label>
    <Label>
      Confirm Password
      <InputField required={true} type=\\"password\\" name=\\"confirmPassword\\" value=\\"\\" onChange={[Function: handleChange]} />
    </Label>
    <Button submit={true} primary={true}>
      Sign Up
    </Button>
  </form>
</Fragment>"
`;
