// Jest Snapshot v1, https://goo.gl/fbAQLP

exports[`Header component should render Header component 1`] = `
"<NavContainer row={true} secondary={true}>
  <Wrapper row={true}>
    <Burger onClick={[Function: toggleNav]} src=\\"navburger.png\\" />
    <NavBrand to=\\"/\\">
      yDS
    </NavBrand>
  </Wrapper>
  <Navbar showNav={false} width=\\"200px\\">
    <Navs>
      <Nav to=\\"/styles\\">
        Styles
      </Nav>
      <Nav to=\\"/private\\">
        Private
      </Nav>
      <Button onClick={[Function: onClick]}>
        Logout
      </Button>
    </Navs>
  </Navbar>
</NavContainer>"
`;
