// Jest Snapshot v1, https://goo.gl/fbAQLP

exports[`Login component should render Login component 1`] = `
"<Fragment>
  <Header center={true} secondary={true}>
    Log In
  </Header>
  <Wrapper>
    <Form onSubmit={[Function: handleSubmit]} alignEnd={true}>
      <Label secondary={true}>
        Email
        <InputField required={true} transition={true} type=\\"email\\" name=\\"email\\" value=\\"\\" onChange={[Function: handleChange]} />
      </Label>
      <Label secondary={true}>
        Password
        <InputField required={true} transition={true} type=\\"password\\" name=\\"password\\" value=\\"\\" onChange={[Function: handleChange]} />
      </Label>
      <Button submit={true} primary={true}>
        Log In
      </Button>
    </Form>
  </Wrapper>
</Fragment>"
`;
