// Jest Snapshot v1, https://goo.gl/fbAQLP

exports[`Login component should render Login component 1`] = `
"<div>
  <h2>
    Log In
  </h2>
  <form onSubmit={[Function: handleSubmit]}>
    <Label>
      Email
      <InputField required={true} type=\\"email\\" name=\\"email\\" value=\\"\\" onChange={[Function: handleChange]} />
    </Label>
    <Label>
      Password
      <InputField required={true} type=\\"password\\" name=\\"password\\" value=\\"\\" onChange={[Function: handleChange]} />
    </Label>
    <Button submit={true} primary={true}>
      Log In
    </Button>
  </form>
</div>"
`;
